PPPPPRRRRRRRRRRRSSSSSSSSSRRRRRRP
PPPPPPPRRRRRRRRRSSSSSSSSSSSSRRRP
PRRRRRRRRRRRRRRRSSSSSSSSSSRRRRRP
PPPPPRRRRRRRRRRRSPRPRRRPRRRRRRRP
PPPPPPRRRRRRRRRRSSSSSSSPRRRRRRRP
PPPPPPRRRRRRRRRRSSSPRRRPRRRRRRRP
PPRRRRRRRRRRRRRRSPRPRRRPRRRRRRRP
PPPPPPPPPPPPPPPPSSSSSSSSSSSSSRRP
PPPPPPPRRRRRRRRRSSRPRRRPRRRRRRRP
PPPPPRRRRRRRRRRRSSSSSSSPRRRRRRRP
PPRRRRRRRRRRRRRRSSSSSSSSSSSSRRRP
PPPPPPPPPPPPRRRRSSSSSSSPRRRRRRRP
PPPPPPPPPPPPRRRRSSSSSSRPRRRRRRRP
PRRRRRRRRRRRRRRRSSSSSRRPRRRRRRRP
PRRRRRRRRRRRRRRRSPRPRRRPRRRRRRRP
PPPPPPRRRRRRRRRRSSSSSSSPRRRRRRRP
PRRRRRRRRRRRRRRRSSSSSSSSSSSRRRRP
PRRRRRRRRRRRRRRRSSSSSRRPRRRRRRRP
PPPPRRRRRRRRRRRRSPRPRRRPRRRRRRRP
PPPRRRRRRRRRRRRRSSSPRRRPRRRRRRRP
PPPPPPPPPPPRRRRRSSSSSSSSSSSSSSSS
PPPRRRRRRRRRRRRRSSSSSRRPRRRRRRRP
PPPPPPPRRRRRRRRRSSSSSSSSSSSSSSSP
PPPPPRRRRRRRRRRRSSRPRRRPRRRRRRRP
PPPPPPPRRRRRRRRRSSSSSSSSSSSSSRRP
PPPPRRRRRRRRRRRRSSSSSSSSSRRRRRRP
PPPPPPPRRRRRRRRRSSSSSSSSSSSSSSRP
PPPPPPPPPPRRRSSSSSSSSSSSSSSSSSSS
PPRRRRRRRRRRRRRRSSSSSSSSSSSSRRRP
PPRRRRRRRRRRRRRRSSSSSSSPRRRRRRRP
PPPPPPRRRRRSSSSSSSSSSSSSSSSSSSSS
PRRRRRRRRRRRRRRRSSSSSSSSRRRRRRRP
PPPRRRRRRRRRRRRRSSSSSSSSSSSRRRRP
PPPPPPPPRRRRRRRRSSSSSSSSSRRRRRRP
PPPPPPPPPPPPPPPPSPPPPPPPPPPPPPRP
PPPRRRRRRRRRRRRRSSRPRRRPRRRRRRRP
PRRRRRSSSSSSSSSSSSSSSSSSSSSSSSSS
PPPPPPPPPRRSSSSSSSSSSSSSSSSSSSSS
PPPPRRRRRRRRRRRRSSSSSSSSSSRRRRRP
PPPPRRRRRRRRRRRRSSRPRRRPRRRRRRRP
PPPPPPPPPPPRRRRRSSSPRRRPRRRRRRRP
PPPPPPPPPPPPPRRRSSSSSSSSSSSRRRRP
PPPPPPPRRRRRRRRRSPRPRRRPRRRRRRRP
PPPPPPPPPPPPPRRRSSSSSSRPRRRRRRRP
PPRRRRRRRRRRRRRRSSSSSSSSSRRRRRRP
PRRRRRRRRRRRRRRRSSSSSSRPRRRRRRRP
PPRRRRRRRRRRSSSSSSSSSSSSSSSSSSSS
PPPRRRRRRRRRRRRRSSSPRRRPRRRRRRRP
PPPPPRSSSSSSSSSSSSSSSSSSSSSSSSSS
PRRRRRRRRRRRRRRRSSSSSSSSRRRRRRRP