PPRRRRRRRRRRRRRRSSSSSSSSSRRRRRRP
PPPPPPPPPPPPPRSSSSSSSSSSSSSSSSSS
PPRRRRRRRRRRRRRRSSRPRRRPRRRRRRRP
PPPPRRRSSSSSSSSSSSSSSSSSSSSSSSSS
PPRRRRRRRRRRRRRRSSSPRRRPRRRRRRRP
PPPPPPPRRRRRRSSSSSSSSSSSSSSSSSSS
PRRRRRRRRRRRRRRRSSSPRRRPRRRRRRRP
PPPPPPPPRRRRRRRRSSSSSSRPRRRRRRRP
PPPPPPPRRRRRRRRRSSSSSSSSRRRRRRRP
PPPPPRRRRRRRRRRRSSSPRRRPRRRRRRRP
PPPPPPPPPPPPPPPPSSSSSSSSSSSSSSRP
PPPPPRRRSSSSSSSSSSSSSSSSSSSSSSSS
PRRRRRRRRSSSSSSSSSSSSSSSSSSSSSSS
PPPPPPPRRRRRRRRRSSSPRRRPRRRRRRRP
PRRRRRRRRRRRRRRRSSRPRRRPRRRRRRRP
PPPPPPPPPPPPRRRRSSSSSSSSSSRRRRRP
PRRRRRRRRRRRSSSSSSSSSSSSSSSSSSSS
PPPPPPPPPPPPPPPPSSRPRRRPRRRRRRRP
PPPPPPPPPPPPRRRSSSSSSSSSSSSSSSSS
PPRRRRRRRRRRRRRRSSSSRRRPRRRRRRRP
PPPPPPPPPPPPPPPPSSSSRRRPRRRRRRRP
PPPPRRRRRRRRRRRRSSSSSSSSSSRRRRRP
PPRRRRRRRRRRRRRRSSSSSSSSSSRRRRRP
PPPPPPPPPPPPPPPRSPRPRRRPRRRRRRRP
PPPPPPPPPPRRRRRRSSRPRRRPRRRRRRRP
PRRRRRRRRRRRRRRRSSSSSSRPRRRRRRRP
PPPPPPPPPPPPRRRRSSSSRRRPRRRRRRRP
PPPPPPRRRRRRRRRRSPRPRRRPRRRRRRRP
PPPPPPPPPPPPPRRRSSSSSSRPRRRRRRRP
PPPPPPRRRRRRRRRRSSSSSSSSSSSRRRRP
PPPPRRRRRRRRRRRRSSSSSSSSSSSRRRRP
PPPRRRRRRRRRRRRRSSSSSSSPRRRRRRRP
PPPPPPPRRRRRRRRRSSSSSSSSSSSSSSSS
PPRRRRRRRRRRRRRRSSSSSSSSSSRRRRRP
PPPPPPPPPPPRRRRRSSSPRRRPRRRRRRRP
PPPPPPPPPPPPPPPPSSSSSPPPPPRRRRRP
PPPPPPPPPPPPPPPPSSSSSSSSSSRRRRRP
PPPPPPPPPPPPPPPPSPPPRRRPRRRRRRRP
PPPPPPPPPPRRRRRRSSSPRRRPRRRRRRRP
PPRRRRRRRRRRRRRRSSSSSSSSSSRRRRRP
PRRRRRRRRRRRRRRRSSSSSSSSSSSSSSSS
PPPPPPPPPPPPPPPPSPRPRRRPRRRRRRRP
PPPPRRRRRRRRRRRRSSSSSSSSRRRRRRRP
PPPRRRRRRRRRRRRRSSSSSSSSSSSSRRRP
PPPPRRRRRRRRRRRRSSSSSRRPRRRRRRRP
PRRRRRRRRRRRRRRRSSSSSSSSSSRRRRRP
PPPPRRRRRRRRRRRRSSSSSSSSSSSSRRRP
PPPPPPPPPPPPPPPPSSSSSSSSSSPPPRRP
PPPRRRRRRRRRRRRRSSSSSSSSSSSSSSSS
PPPPPPRRRRRRRRRRSSSPRRRPRRRRRRRP